]0;~/Documents/programming/rProjects/tidy_quant_app[?1034h[0;32mfreddydrennan@MNG-IT-M-099[0m:~/Documents/programming/rProjects/tidy_quant_app[0;33m[0m$ [K[0;32mfreddydrennan@MNG-IT-M-099[0m:~/Documents/programming/rProjects/tidy_quant_app[0;33m[0mm$ git remote add origin https://github.com/fdrennan/tidy_quant_app.git
fatal: Not a git repository (or any of the parent directories): .git
]0;~/Documents/programming/rProjects/tidy_quant_app[0;32mfreddydrennan@MNG-IT-M-099[0m:~/Documents/programming/rProjects/tidy_quant_appp[0;33m[0m$ echo "# tidy_quant_app" >> README.md
]0;~/Documents/programming/rProjects/tidy_quant_app[0;32mfreddydrennan@MNG-IT-M-099[0m:~/Documents/programming/rProjects/tidy_quant_appp[0;33m[0m$ git init
Initialized empty Git repository in /Users/freddydrennan/Documents/programming/rProjects/tidy_quant_app/.git/
]0;~/Documents/programming/rProjects/tidy_quant_app[0;32mfreddydrennan@MNG-IT-M-099[0m:~/Documents/programming/rProjects/tidy_quant_appp[0;33m[0m$ git add README.md
]0;~/Documents/programming/rProjects/tidy_quant_app[0;32mfreddydrennan@MNG-IT-M-099[0m:~/Documents/programming/rProjects/tidy_quant_appp[0;33m[0m$ git commit -m "first commit"
[master (root-commit) 855e002] first commit
 1 file changed, 1 insertion(+)
 create mode 100644 README.md
]0;~/Documents/programming/rProjects/tidy_quant_app[0;32mfreddydrennan@MNG-IT-M-099[0m:~/Documents/programming/rProjects/tidy_quant_appp[0;33m (master)[0m$ git remote add origin https://github.com/fdrennan/tidy_quant_a pp.git
]0;~/Documents/programming/rProjects/tidy_quant_app[0;32mfreddydrennan@MNG-IT-M-099[0m:~/Documents/programming/rProjects/tidy_quant_appp[0;33m (master)[0m$ git push -u origin master
Counting objects: 3, done.
Writing objects:  33% (1/3)   Writing objects:  66% (2/3)   Writing objects: 100% (3/3)   Writing objects: 100% (3/3), 232 bytes | 0 bytes/s, done.
Total 3 (delta 0), reused 0 (delta 0)
To https://github.com/fdrennan/tidy_quant_app.git
 * [new branch]      master -> master
Branch master set up to track remote branch master from origin.
]0;~/Documents/programming/rProjects/tidy_quant_app[0;32mfreddydrennan@MNG-IT-M-099[0m:~/Documents/programming/rProjects/tidy_quant_appp[0;33m (master)[0m$ git add .
]0;~/Documents/programming/rProjects/tidy_quant_app[0;32mfreddydrennan@MNG-IT-M-099[0m:~/Documents/programming/rProjects/tidy_quant_appp[0;33m (master)[0m$ git commit -m 'first commit'
[master a6ab021] first commit
 11 files changed, 219 insertions(+)
 create mode 100644 .Rproj.user/4723C48C/console06/D9D96DDC
 create mode 100644 .Rproj.user/4723C48C/console06/D9D96DDC.env
 create mode 100644 .Rproj.user/4723C48C/console06/INDEX001
 create mode 100644 .Rproj.user/4723C48C/sources/prop/755469CA
 create mode 100644 .Rproj.user/4723C48C/sources/prop/INDEX
 create mode 100644 .Rproj.user/4723C48C/sources/s-8FCF3B95/D893B684
 create mode 100644 .Rproj.user/4723C48C/sources/s-8FCF3B95/D893B684-contents
 create mode 100644 .Rproj.user/4723C48C/sources/s-8FCF3B95/lock_file
 create mode 100644 .Rproj.user/shared/notebooks/patch-chunk-names
 create mode 100644 app.R
 create mode 100644 tidy_quant_app.Rproj
]0;~/Documents/programming/rProjects/tidy_quant_app[0;32mfreddydrennan@MNG-IT-M-099[0m:~/Documents/programming/rProjects/tidy_quant_appp[0;33m (master)[0m$ f[Kg[Kgit push origin[K[K[K[K[K[K
Counting objects: 19, done.
Delta compression using up to 4 threads.
Compressing objects:   6% (1/15)   Compressing objects:  13% (2/15)   Compressing objects:  20% (3/15)   Compressing objects:  26% (4/15)   Compressing objects:  33% (5/15)   Compressing objects:  40% (6/15)   Compressing objects:  46% (7/15)   Compressing objects:  53% (8/15)   Compressing objects:  60% (9/15)   Compressing objects:  66% (10/15)   Compressing objects:  73% (11/15)   Compressing objects:  80% (12/15)   Compressing objects:  86% (13/15)   Compressing objects:  93% (14/15)   Compressing objects: 100% (15/15)   Compressing objects: 100% (15/15), done.
Writing objects:   5% (1/19)   Writing objects:  10% (2/19)   Writing objects:  15% (3/19)   Writing objects:  21% (4/19)   Writing objects:  26% (5/19)   Writing objects:  31% (6/19)   Writing objects:  36% (7/19)   Writing objects:  42% (8/19)   Writing objects:  47% (9/19)   Writing objects:  52% (10/19)   Writing objects:  57% (11/19)   Writing objects:  63% (12/19)   Writing objects:  68% (13/19)   Writing objects:  73% (14/19)   Writing objects:  78% (15/19)   Writing objects:  84% (16/19)   Writing objects:  89% (17/19)   Writing objects:  94% (18/19)   Writing objects: 100% (19/19)   Writing objects: 100% (19/19), 4.03 KiB | 0 bytes/s, done.
Total 19 (delta 0), reused 0 (delta 0)
To https://github.com/fdrennan/tidy_quant_app.git
   855e002..a6ab021  master -> master
]0;~/Documents/programming/rProjects/tidy_quant_app[0;32mfreddydrennan@MNG-IT-M-099[0m:~/Documents/programming/rProjects/tidy_quant_appp[0;33m (master)[0m$ [K[A[0;32mfreddydrennan@MNG-IT-M-099[0m:~/Documents/programming/rProjects/tidy_quant__app[0;33m (master)[0m$ git add --all
]0;~/Documents/programming/rProjects/tidy_quant_app[0;32mfreddydrennan@MNG-IT-M-099[0m:~/Documents/programming/rProjects/tidy_quant__app[0;33m (master)[0m$ git commit -m "As[Kdded ability to pull stock ta[K[Kdata"
[master 74e8b06] Added ability to pull stock data
 8 files changed, 277 insertions(+), 106 deletions(-)
 create mode 100644 .Rproj.user/4723C48C/sources/s-8FCF3B95/4A5C1C33
 create mode 100644 .Rproj.user/4723C48C/sources/s-8FCF3B95/4A5C1C33-contents
 rewrite .Rproj.user/4723C48C/sources/s-8FCF3B95/D893B684-contents (80%)
 rewrite app.R (80%)
]0;~/Documents/programming/rProjects/tidy_quant_app[0;32mfreddydrennan@MNG-IT-M-099[0m:~/Documents/programming/rProjects/tidy_quant__app[0;33m (master)[0m$ git push origin master
Counting objects: 16, done.
Delta compression using up to 4 threads.
Compressing objects:   6% (1/16)   Compressing objects:  12% (2/16)   Compressing objects:  18% (3/16)   Compressing objects:  25% (4/16)   Compressing objects:  31% (5/16)   Compressing objects:  37% (6/16)   Compressing objects:  43% (7/16)   Compressing objects:  50% (8/16)   Compressing objects:  56% (9/16)   Compressing objects:  62% (10/16)   Compressing objects:  68% (11/16)   Compressing objects:  75% (12/16)   Compressing objects:  81% (13/16)   Compressing objects:  87% (14/16)   Compressing objects:  93% (15/16)   Compressing objects: 100% (16/16)   Compressing objects: 100% (16/16), done.
Writing objects:   6% (1/16)   Writing objects:  12% (2/16)   Writing objects:  18% (3/16)   Writing objects:  25% (4/16)   Writing objects:  31% (5/16)   Writing objects:  37% (6/16)   Writing objects:  43% (7/16)   Writing objects:  50% (8/16)   Writing objects:  56% (9/16)   Writing objects:  62% (10/16)   Writing objects:  68% (11/16)   Writing objects:  81% (13/16)   Writing objects:  87% (14/16)   Writing objects:  93% (15/16)   Writing objects: 100% (16/16)   Writing objects: 100% (16/16), 3.55 KiB | 0 bytes/s, done.
Total 16 (delta 4), reused 0 (delta 0)
remote: Resolving deltas:   0% (0/4)   [Kremote: Resolving deltas:  25% (1/4)   [Kremote: Resolving deltas:  50% (2/4)   [Kremote: Resolving deltas: 100% (4/4)   [Kremote: Resolving deltas: 100% (4/4), completed with 2 local objects.[K
To https://github.com/fdrennan/tidy_quant_app.git
   a6ab021..74e8b06  master -> master
]0;~/Documents/programming/rProjects/tidy_quant_app[0;32mfreddydrennan@MNG-IT-M-099[0m:~/Documents/programming/rProjects/tidy_quant__app[0;33m (master)[0m$ [K[A[0;32mfreddydrennan@MNG-IT-M-099[0m:~/Documents/programming/rProjects/tidy_quant_appp[0;33m (master)[0m$ [K[A[0;32mfreddydrennan@MNG-IT-M-099[0m:~/Documents/programming/rProjects/tidy_quannt_app[0;33m (master)[0m$ git add --all
]0;~/Documents/programming/rProjects/tidy_quant_app[0;32mfreddydrennan@MNG-IT-M-099[0m:~/Documents/programming/rProjects/tidy_quannt_app[0;33m (master)[0m$ git commit -m "Plots added to stocks"
[master 6bd3b14] Plots added to stocks
 11 files changed, 141 insertions(+), 39 deletions(-)
 create mode 100644 .Rproj.user/4723C48C/sources/s-8FCF3B95/1BDD69B6-contents
 create mode 100644 .Rproj.user/4723C48C/sources/s-8FCF3B95/2EB4D7BC-contents
 create mode 100644 .Rproj.user/4723C48C/sources/s-8FCF3B95/32F7156A-contents
 create mode 100644 .Rproj.user/4723C48C/sources/s-8FCF3B95/A811E4C3-contents
]0;~/Documents/programming/rProjects/tidy_quant_app[0;32mfreddydrennan@MNG-IT-M-099[0m:~/Documents/programming/rProjects/tidy_quannt_app[0;33m (master)[0m$ git push
Counting objects: 14, done.
Delta compression using up to 4 threads.
Compressing objects:   7% (1/14)   Compressing objects:  14% (2/14)   Compressing objects:  21% (3/14)   Compressing objects:  28% (4/14)   Compressing objects:  35% (5/14)   Compressing objects:  42% (6/14)   Compressing objects:  50% (7/14)   Compressing objects:  57% (8/14)   Compressing objects:  64% (9/14)   Compressing objects:  71% (10/14)   Compressing objects:  78% (11/14)   Compressing objects:  85% (12/14)   Compressing objects:  92% (13/14)   Compressing objects: 100% (14/14)   Compressing objects: 100% (14/14), done.
Writing objects:   7% (1/14)   Writing objects:  14% (2/14)   Writing objects:  21% (3/14)   Writing objects:  28% (4/14)   Writing objects:  35% (5/14)   Writing objects:  42% (6/14)   Writing objects:  50% (7/14)   Writing objects:  57% (8/14)   Writing objects:  64% (9/14)   Writing objects:  71% (10/14)   Writing objects:  78% (11/14)   Writing objects:  85% (12/14)   Writing objects:  92% (13/14)   Writing objects: 100% (14/14)   Writing objects: 100% (14/14), 2.36 KiB | 0 bytes/s, done.
Total 14 (delta 5), reused 0 (delta 0)
remote: Resolving deltas:   0% (0/5)   [Kremote: Resolving deltas:  20% (1/5)   [Kremote: Resolving deltas:  40% (2/5)   [Kremote: Resolving deltas:  60% (3/5)   [Kremote: Resolving deltas:  80% (4/5)   [Kremote: Resolving deltas: 100% (5/5)   [Kremote: Resolving deltas: 100% (5/5), completed with 5 local objects.[K
To https://github.com/fdrennan/tidy_quant_app.git
   74e8b06..6bd3b14  master -> master
]0;~/Documents/programming/rProjects/tidy_quant_app[0;32mfreddydrennan@MNG-IT-M-099[0m:~/Documents/programming/rProjects/tidy_quannt_app[0;33m (master)[0m$ git add --all
]0;~/Documents/programming/rProjects/tidy_quant_app[0;32mfreddydrennan@MNG-IT-M-099[0m:~/Documents/programming/rProjects/tidy_quannt_app[0;33m (master)[0m$ git commit -m "Updates to date filet[K[K[Kt[Klter"
[master f02996f] Updates to date filter
 5 files changed, 30 insertions(+), 9 deletions(-)
]0;~/Documents/programming/rProjects/tidy_quant_app[0;32mfreddydrennan@MNG-IT-M-099[0m:~/Documents/programming/rProjects/tidy_quannt_app[0;33m (master)[0m$ git push origin master
Counting objects: 12, done.
Delta compression using up to 4 threads.
Compressing objects:   8% (1/12)   Compressing objects:  16% (2/12)   Compressing objects:  25% (3/12)   Compressing objects:  33% (4/12)   Compressing objects:  41% (5/12)   Compressing objects:  50% (6/12)   Compressing objects:  58% (7/12)   Compressing objects:  66% (8/12)   Compressing objects:  75% (9/12)   Compressing objects:  83% (10/12)   Compressing objects:  91% (11/12)   Compressing objects: 100% (12/12)   Compressing objects: 100% (12/12), done.
Writing objects:   8% (1/12)   Writing objects:  16% (2/12)   Writing objects:  25% (3/12)   Writing objects:  33% (4/12)   Writing objects:  41% (5/12)   Writing objects:  50% (6/12)   Writing objects:  58% (7/12)   Writing objects:  66% (8/12)   Writing objects:  75% (9/12)   Writing objects:  83% (10/12)   Writing objects:  91% (11/12)   Writing objects: 100% (12/12)   Writing objects: 100% (12/12), 1.57 KiB | 0 bytes/s, done.
Total 12 (delta 4), reused 0 (delta 0)
remote: Resolving deltas:   0% (0/4)   [Kremote: Resolving deltas:  25% (1/4)   [Kremote: Resolving deltas:  50% (2/4)   [Kremote: Resolving deltas:  75% (3/4)   [Kremote: Resolving deltas: 100% (4/4)   [Kremote: Resolving deltas: 100% (4/4), completed with 4 local objects.[K
To https://github.com/fdrennan/tidy_quant_app.git
   6bd3b14..f02996f  master -> master
]0;~/Documents/programming/rProjects/tidy_quant_app[0;32mfreddydrennan@MNG-IT-M-099[0m:~/Documents/programming/rProjects/tidy_quannt_app[0;33m (master)[0m$ git add --all